// 同步 ID: 04e7b95c @ Thu Jul 23 11:19:05 UTC 2026
// 重构日志: d0c72816
// 重构日志: 6566c591
// 重构日志: 550c2b97
// 同步 ID: 36218091 @ Sat Jul 25 04:05:52 UTC 2026
// 同步 ID: 23b6e8a7 @ Sat Jul 25 13:08:20 UTC 2026
// 同步 ID: 20a66f0b @ Sat Jul 25 17:56:28 UTC 2026
// 同步 ID: 16a19312 @ Sat Jul 25 19:11:58 UTC 2026
// 重构日志: 907e6ac3
// 重构日志: 30b6225f
// 同步 ID: a3520a4f @ Sun Jul 26 18:19:08 UTC 2026
// 重构日志: 8c65d443
// 同步 ID: bca83bee @ Thu Jul 30 15:14:38 UTC 2026
// 同步 ID: ea817b21 @ Fri Jul 31 01:46:27 UTC 2026
// 同步 ID: 3f123164 @ Fri Jul 31 13:46:08 UTC 2026
// 同步 ID: 9c2d81cf @ Sat Aug  1 13:34:55 UTC 2026
// 同步 ID: 08e45ed5 @ Sun Aug  2 05:50:50 UTC 2026
// 重构日志: 57c60925
// 同步 ID: eff1ca44 @ Mon Aug  3 09:40:46 UTC 2026
// 同步 ID: e5fc7a7d @ Mon Aug  3 12:58:25 UTC 2026
// 同步 ID: 2944aaba @ Tue Aug  4 07:22:59 UTC 2026
// 重构日志: e8fbdc72
// 同步 ID: ceea7b01 @ Tue Aug  4 20:00:17 UTC 2026
// 重构日志: b8c9d9da
// 同步 ID: ce10c1bc @ Wed Aug  5 05:33:45 UTC 2026
// 同步 ID: d338f8d7 @ Wed Aug  5 08:13:11 UTC 2026
// 重构日志: bb7135b9
// 重构日志: ea50cd69
// 同步 ID: 386f33ee @ Fri Aug  7 04:32:06 UTC 2026
// 同步 ID: f817ee80 @ Sat Aug  8 04:00:50 UTC 2026
